// Jest Snapshot v1, https://goo.gl/fbAQLP

exports[`Given the CardList component When the component is mounted Should render children 1`] = `
<div>
  <CardFilter
    onChange={[Function]}
    value={undefined}
  />
  <CSSTransitionGroup
    transitionAppear={false}
    transitionEnter={true}
    transitionEnterTimeout={250}
    transitionLeave={true}
    transitionLeaveTimeout={250}
    transitionName="card-list"
  >
    <Card
      description="Little Sock was brought to Tony's Cats Home as his owners were moving house and couldn't take him with them. He is an affectionate boy that loves nothing more than being stroked and sitting on a lap having extra cuddles, he will purr with delight. "
      id="1"
      itemSelected={undefined}
      name="Little Sock"
      onClick={[Function]}
    />
    <Card
      description="He is a young and active cat. If owners work full-time he will need cat flap access to outside so he can come and go as he pleases throughout the day. Fluffly is a true rescue cat who will make a lovely companion when settled in his new home."
      id="2"
      itemSelected={undefined}
      name="Fluffy"
      onClick={[Function]}
    />
    <Card
      description="Luna is a real sweetie who loves nothing more than a good snuggle up to her favourite people. She is also very playful and loves to play string toy games. She will make a great addition to the family and will provide a lot of love and laughter through the years! "
      id="3"
      itemSelected={undefined}
      name="Luna"
      onClick={[Function]}
    />
    <Card
      description="She is a loving and playful youngster that enjoys interacting with people, being stroked and groomed, she is a cuddly girl. Being young and active Bella will need cat flap access to outside if owners are working full-time, she loves exploring her territory, playing and sunbathing. "
      id="4"
      itemSelected={undefined}
      name="Bella"
      onClick={[Function]}
    />
  </CSSTransitionGroup>
</div>
`;
